// Jest Snapshot v1, https://goo.gl/fbAQLP

exports[`<SelectBoxField /> renders correctly 1`] = `
ShallowWrapper {
  "length": 1,
  Symbol(enzyme.__root__): [Circular],
  Symbol(enzyme.__unrendered__): <SelectBoxField
    StyledComponent={[MockFunction]}
    input={Object {}}
    options={
      Object {
        "foo": "bar",
      }
    }
    placeholder="Fantabulous"
  />,
  Symbol(enzyme.__renderer__): Object {
    "batchedUpdates": [Function],
    "getNode": [Function],
    "render": [Function],
    "simulateEvent": [Function],
    "unmount": [Function],
  },
  Symbol(enzyme.__node__): Object {
    "instance": null,
    "key": undefined,
    "nodeType": "function",
    "props": Object {
      "children": Array [
        <option
          value=""
        >
          Fantabulous
        </option>,
        Array [
          <option
            value="foo"
          >
            bar
          </option>,
        ],
      ],
    },
    "ref": null,
    "rendered": Array [
      Object {
        "instance": null,
        "key": undefined,
        "nodeType": "host",
        "props": Object {
          "children": "Fantabulous",
          "value": "",
        },
        "ref": null,
        "rendered": "Fantabulous",
        "type": "option",
      },
      Object {
        "instance": null,
        "key": "foo",
        "nodeType": "host",
        "props": Object {
          "children": "bar",
          "value": "foo",
        },
        "ref": null,
        "rendered": "bar",
        "type": "option",
      },
    ],
    "type": [MockFunction],
  },
  Symbol(enzyme.__nodes__): Array [
    Object {
      "instance": null,
      "key": undefined,
      "nodeType": "function",
      "props": Object {
        "children": Array [
          <option
            value=""
          >
            Fantabulous
          </option>,
          Array [
            <option
              value="foo"
            >
              bar
            </option>,
          ],
        ],
      },
      "ref": null,
      "rendered": Array [
        Object {
          "instance": null,
          "key": undefined,
          "nodeType": "host",
          "props": Object {
            "children": "Fantabulous",
            "value": "",
          },
          "ref": null,
          "rendered": "Fantabulous",
          "type": "option",
        },
        Object {
          "instance": null,
          "key": "foo",
          "nodeType": "host",
          "props": Object {
            "children": "bar",
            "value": "foo",
          },
          "ref": null,
          "rendered": "bar",
          "type": "option",
        },
      ],
      "type": [MockFunction],
    },
  ],
  Symbol(enzyme.__options__): Object {
    "adapter": ReactSixteenAdapter {
      "options": Object {
        "enableComponentDidUpdateOnSetState": true,
      },
    },
  },
}
`;
