// Jest Snapshot v1, https://goo.gl/fbAQLP

exports[`<ImportForm /> renders correctly 1`] = `
ShallowWrapper {
  "length": 1,
  Symbol(enzyme.__root__): [Circular],
  Symbol(enzyme.__unrendered__): <ImportForm
    handleSubmit={
      [MockFunction] {
        "calls": Array [
          Array [
            [Function],
          ],
        ],
      }
    }
  />,
  Symbol(enzyme.__renderer__): Object {
    "batchedUpdates": [Function],
    "getNode": [Function],
    "render": [Function],
    "simulateEvent": [Function],
    "unmount": [Function],
  },
  Symbol(enzyme.__node__): Object {
    "instance": null,
    "key": undefined,
    "nodeType": "host",
    "props": Object {
      "children": Array [
        <FormBlock
          fieldsComponent={<CategoryFields />}
          header="Select Categories"
          name="categories"
        />,
        <FormBlock
          fieldsComponent={<Connect(CharacterFields) />}
          header="Select Character"
          name="character"
        />,
      ],
      "onSubmit": undefined,
    },
    "ref": null,
    "rendered": Array [
      Object {
        "instance": null,
        "key": undefined,
        "nodeType": "function",
        "props": Object {
          "fieldsComponent": <CategoryFields />,
          "header": "Select Categories",
          "name": "categories",
        },
        "ref": null,
        "rendered": null,
        "type": [Function],
      },
      Object {
        "instance": null,
        "key": undefined,
        "nodeType": "function",
        "props": Object {
          "fieldsComponent": <Connect(CharacterFields) />,
          "header": "Select Character",
          "name": "character",
        },
        "ref": null,
        "rendered": null,
        "type": [Function],
      },
    ],
    "type": "form",
  },
  Symbol(enzyme.__nodes__): Array [
    Object {
      "instance": null,
      "key": undefined,
      "nodeType": "host",
      "props": Object {
        "children": Array [
          <FormBlock
            fieldsComponent={<CategoryFields />}
            header="Select Categories"
            name="categories"
          />,
          <FormBlock
            fieldsComponent={<Connect(CharacterFields) />}
            header="Select Character"
            name="character"
          />,
        ],
        "onSubmit": undefined,
      },
      "ref": null,
      "rendered": Array [
        Object {
          "instance": null,
          "key": undefined,
          "nodeType": "function",
          "props": Object {
            "fieldsComponent": <CategoryFields />,
            "header": "Select Categories",
            "name": "categories",
          },
          "ref": null,
          "rendered": null,
          "type": [Function],
        },
        Object {
          "instance": null,
          "key": undefined,
          "nodeType": "function",
          "props": Object {
            "fieldsComponent": <Connect(CharacterFields) />,
            "header": "Select Character",
            "name": "character",
          },
          "ref": null,
          "rendered": null,
          "type": [Function],
        },
      ],
      "type": "form",
    },
  ],
  Symbol(enzyme.__options__): Object {
    "adapter": ReactSixteenAdapter {
      "options": Object {
        "enableComponentDidUpdateOnSetState": true,
      },
    },
  },
}
`;
