// Jest Snapshot v1, https://goo.gl/fbAQLP

exports[`<CharacterFields /> renders correctly 1`] = `
ShallowWrapper {
  "length": 1,
  Symbol(enzyme.__root__): [Circular],
  Symbol(enzyme.__unrendered__): <CharacterFields
    fetchRealmData={
      [MockFunction] {
        "calls": Array [
          Array [
            "",
          ],
        ],
      }
    }
    realmData={Object {}}
    realmList={Object {}}
    region=""
  />,
  Symbol(enzyme.__renderer__): Object {
    "batchedUpdates": [Function],
    "getNode": [Function],
    "render": [Function],
    "simulateEvent": [Function],
    "unmount": [Function],
  },
  Symbol(enzyme.__node__): Object {
    "instance": null,
    "key": undefined,
    "nodeType": "class",
    "props": Object {
      "children": Array [
        <Field
          StyledComponent={[Function]}
          component={[Function]}
          name="region"
          onChange={[Function]}
          options={
            Object {
              "eu": "EU",
              "us": "US",
            }
          }
        />,
        <Field
          StyledComponent={[Function]}
          component={[Function]}
          name="realm"
          options={Object {}}
          placeholder="Select Realm"
        />,
        <Field
          StyledComponent={[Function]}
          component={[Function]}
          name="name"
          placeholder="Name"
        />,
      ],
    },
    "ref": null,
    "rendered": Array [
      Object {
        "instance": null,
        "key": undefined,
        "nodeType": "class",
        "props": Object {
          "StyledComponent": [Function],
          "component": [Function],
          "name": "region",
          "onChange": [Function],
          "options": Object {
            "eu": "EU",
            "us": "US",
          },
        },
        "ref": null,
        "rendered": null,
        "type": [Function],
      },
      Object {
        "instance": null,
        "key": undefined,
        "nodeType": "class",
        "props": Object {
          "StyledComponent": [Function],
          "component": [Function],
          "name": "realm",
          "options": Object {},
          "placeholder": "Select Realm",
        },
        "ref": null,
        "rendered": null,
        "type": [Function],
      },
      Object {
        "instance": null,
        "key": undefined,
        "nodeType": "class",
        "props": Object {
          "StyledComponent": [Function],
          "component": [Function],
          "name": "name",
          "placeholder": "Name",
        },
        "ref": null,
        "rendered": null,
        "type": [Function],
      },
    ],
    "type": [Function],
  },
  Symbol(enzyme.__nodes__): Array [
    Object {
      "instance": null,
      "key": undefined,
      "nodeType": "class",
      "props": Object {
        "children": Array [
          <Field
            StyledComponent={[Function]}
            component={[Function]}
            name="region"
            onChange={[Function]}
            options={
              Object {
                "eu": "EU",
                "us": "US",
              }
            }
          />,
          <Field
            StyledComponent={[Function]}
            component={[Function]}
            name="realm"
            options={Object {}}
            placeholder="Select Realm"
          />,
          <Field
            StyledComponent={[Function]}
            component={[Function]}
            name="name"
            placeholder="Name"
          />,
        ],
      },
      "ref": null,
      "rendered": Array [
        Object {
          "instance": null,
          "key": undefined,
          "nodeType": "class",
          "props": Object {
            "StyledComponent": [Function],
            "component": [Function],
            "name": "region",
            "onChange": [Function],
            "options": Object {
              "eu": "EU",
              "us": "US",
            },
          },
          "ref": null,
          "rendered": null,
          "type": [Function],
        },
        Object {
          "instance": null,
          "key": undefined,
          "nodeType": "class",
          "props": Object {
            "StyledComponent": [Function],
            "component": [Function],
            "name": "realm",
            "options": Object {},
            "placeholder": "Select Realm",
          },
          "ref": null,
          "rendered": null,
          "type": [Function],
        },
        Object {
          "instance": null,
          "key": undefined,
          "nodeType": "class",
          "props": Object {
            "StyledComponent": [Function],
            "component": [Function],
            "name": "name",
            "placeholder": "Name",
          },
          "ref": null,
          "rendered": null,
          "type": [Function],
        },
      ],
      "type": [Function],
    },
  ],
  Symbol(enzyme.__options__): Object {
    "adapter": ReactSixteenAdapter {
      "options": Object {
        "enableComponentDidUpdateOnSetState": true,
      },
    },
  },
}
`;
